******************************************************************************
                  TI ARM Linker PC v5.1.6                      
******************************************************************************
>> Linked Fri Mar 06 06:35:12 2015

OUTPUT FILE NAME:   <iot_measurements.out>
ENTRY POINT SYMBOL: "_c_int00"  address: 2000e0c9


MEMORY CONFIGURATION

         name            origin    length      used     unused   attr    fill
----------------------  --------  ---------  --------  --------  ----  --------
  SRAM_CODE             20004000   00012fff  0000b224  00007ddb  RW X
  SRAM_DATA             20017000   00019000  00009957  0000f6a9  RW X


SEGMENT ALLOCATION MAP

run origin  load origin   length   init length attrs members
----------  ----------- ---------- ----------- ----- -------
20004000    20004000    0000b228   0000b228    r-x
  20004000    20004000    00000400   00000400    r-- .intvecs
  20004400    20004400    0000a554   0000a554    r-x .text
  2000e954    2000e954    00000878   00000878    r-- .const
  2000f1d0    2000f1d0    00000058   00000058    r-- .cinit
20017000    20017000    00009158   00000000    rw-
  20017000    20017000    00008000   00000000    rw- .sysmem
  2001f000    2001f000    00000ef3   00000000    rw- .bss
  2001fef4    2001fef4    00000264   00000000    rw- .data
2002f800    2002f800    00000800   00000000    rw-
  2002f800    2002f800    00000800   00000000    rw- .stack


SECTION ALLOCATION MAP

 output                                  attributes/
section   page    origin      length       input sections
--------  ----  ----------  ----------   ----------------
.init_array 
*          0    20004000    00000000     UNINITIALIZED

.intvecs   0    20004000    00000400     
                  20004000    00000400     startup_ccs.obj (.intvecs)

.text      0    20004400    0000a554     
                  20004400    00001258     free_rtos.a : tasks.obj (.text)
                  20005658    00000eec     network_if.obj (.text)
                  20006544    00000ec0     rtsv7M4_T_le_eabi.lib : _printfi.obj (.text)
                  20007404    00000b24     free_rtos.a : queue.obj (.text)
                  20007f28    00000a20     system.obj (.text)
                  20008948    000004f4     time.obj (.text)
                  20008e3c    0000045c     free_rtos.a : osi_freertos.obj (.text)
                  20009298    000003cc     rtsv7M4_T_le_eabi.lib : memory.obj (.text)
                  20009664    000003a6     simplelink.a : driver.obj (.text:_SlDrvMsgRead)
                  20009a0a    00000002     driverlib.a : interrupt.obj (.text:IntDefaultHandler)
                  20009a0c    0000034c     simplelink.a : driver.obj (.text:_SlAsyncEventGenericHandler)
                  20009d58    0000026c     uart_if.obj (.text)
                  20009fc4    00000200     udma_if.obj (.text)
                  2000a1c4    000001f4     rtsv7M4_T_le_eabi.lib : ull_div_t2.obj (.text)
                  2000a3b8    000001b6                           : fd_add_t2.obj (.text)
                  2000a56e    00000002     --HOLE-- [fill = 0]
                  2000a570    0000019c     simplelink.a : wlan.obj (.text:sl_WlanConnect)
                  2000a70c    00000164                  : driver.obj (.text:_SlDrvDataReadOp)
                  2000a870    00000140                  : driver.obj (.text:_SlDrvRxHdrRead)
                  2000a9b0    00000136     rtsv7M4_T_le_eabi.lib : fd_div_t2.obj (.text)
                  2000aae6    00000002     --HOLE-- [fill = 0]
                  2000aae8    00000134     driverlib.a : prcm.obj (.text:PRCMCC3200MCUInit)
                  2000ac1c    00000130     simplelink.a : cc_pal.obj (.text:spi_Open)
                  2000ad4c    0000012c                  : driver.obj (.text:_SlDrvDataWriteOp)
                  2000ae78    0000012a     free_rtos.a : list.obj (.text)
                  2000afa2    00000002     --HOLE-- [fill = 0]
                  2000afa4    00000114     simplelink.a : driver.obj (.text:_SlDrvMsgWrite)
                  2000b0b8    00000110     free_rtos.a : port.obj (.text)
                  2000b1c8    0000010c     simplelink.a : driver.obj (.text:_SlDrvWaitForPoolObj)
                  2000b2d4    00000104                  : driver.obj (.text:_SlDrvReleasePoolObj)
                  2000b3d8    000000fc     rtsv7M4_T_le_eabi.lib : fd_mul_t2.obj (.text)
                  2000b4d4    000000fa                           : fs_add_t2.obj (.text)
                  2000b5ce    00000002     --HOLE-- [fill = 0]
                  2000b5d0    000000f4     uartA0.obj (.text)
                  2000b6c4    000000f0     driverlib.a : udma.obj (.text:uDMAChannelTransferSet)
                  2000b7b4    000000e8     adc12.obj (.text)
                  2000b89c    000000e8     simplelink.a : socket.obj (.text:sl_Connect)
                  2000b984    000000e8                  : cc_pal.obj (.text:spi_Write)
                  2000ba6c    000000d8                  : netapp.obj (.text:sl_NetAppDnsGetHostByName)
                  2000bb44    000000cc                  : cc_pal.obj (.text:spi_Read)
                  2000bc10    000000c4                  : device.obj (.text:sl_Stop)
                  2000bcd4    000000c0                  : device.obj (.text:sl_Start)
                  2000bd94    000000ba     free_rtos.a : portasm.obj (.text)
                  2000be4e    00000002     --HOLE-- [fill = 0]
                  2000be50    000000b4     simplelink.a : driver.obj (.text:_SlDrvMsgReadCmdCtx)
                  2000bf04    000000b4                  : socket.obj (.text:sl_SendTo)
                  2000bfb8    000000b2                  : netapp.obj (.text:_SlDrvNetAppEventHandler)
                  2000c06a    00000002     --HOLE-- [fill = 0]
                  2000c06c    000000b0                  : socket.obj (.text:sl_Send)
                  2000c11c    000000ac                  : socket.obj (.text:sl_RecvFrom)
                  2000c1c8    000000a8     driverlib.a : interrupt.obj (.text:IntDisable)
                  2000c270    000000a8                 : interrupt.obj (.text:IntEnable)
                  2000c318    000000a0                 : spi.obj (.text:SPIConfigSetExpClk)
                  2000c3b8    0000009c     rtsv7M4_T_le_eabi.lib : memcpy_t2.obj (.text)
                  2000c454    00000098     simplelink.a : driver.obj (.text:_SlFindAndSetActiveObj)
                  2000c4ec    00000094     driverlib.a : prcm.obj (.text:PRCMPeripheralClockGet)
                  2000c580    00000094     simplelink.a : driver.obj (.text:_SlDrvClassifyRxMsg)
                  2000c614    00000094     rtsv7M4_T_le_eabi.lib : auto_init.obj (.text)
                  2000c6a8    00000092                           : fs_div_t2.obj (.text)
                  2000c73a    00000002     --HOLE-- [fill = 0]
                  2000c73c    00000090     simplelink.a : driver.obj (.text:_SlDrvMsgReadSpawnCtx)
                  2000c7cc    00000090     hibernate.obj (.text)
                  2000c85c    00000088     driverlib.a : prcm.obj (.text:PRCMHibernateIntervalSet)
                  2000c8e4    00000088                 : pin.obj (.text:PinConfigSet)
                  2000c96c    00000088     rtsv7M4_T_le_eabi.lib : vsnprintf.obj (.text)
                  2000c9f4    00000088     simplelink.a : netapp.obj (.text:sl_NetAppMDNSRegisterUnregisterService)
                  2000ca7c    00000086     rtsv7M4_T_le_eabi.lib : fd_cmp_t2.obj (.text:__aeabi_cdcmple)
                  2000cb02    00000086                           : fd_cmp_t2.obj (.text:__aeabi_cdrcmple)
                  2000cb88    00000084     simplelink.a : driver.obj (.text:_SlDrvCmdOp)
                  2000cc0c    00000080                  : cc_pal.obj (.text:NwpPowerOnPreamble)
                  2000cc8c    0000007c                  : driver.obj (.text:_SlDrvDriverCBInit)
                  2000cd08    0000007c                  : netapp.obj (.text:_sl_HandleAsync_DnsGetHostByName)
                  2000cd84    0000007c                  : device.obj (.text:sl_DevGet)
                  2000ce00    0000007a     rtsv7M4_T_le_eabi.lib : fs_mul_t2.obj (.text)
                  2000ce7a    00000002     --HOLE-- [fill = 0]
                  2000ce7c    00000078     simplelink.a : cc_pal.obj (.text:SetupDMAReceive)
                  2000cef4    00000078     rtsv7M4_T_le_eabi.lib : memset_t2.obj (.text)
                  2000cf6c    00000078     simplelink.a : netcfg.obj (.text:sl_NetCfgGet)
                  2000cfe4    00000076     driverlib.a : uart.obj (.text:UARTConfigSetExpClk)
                  2000d05a    00000002     --HOLE-- [fill = 0]
                  2000d05c    00000074     simplelink.a : device.obj (.text:_sl_HandleAsync_InitComplete)
                  2000d0d0    00000074                  : cc_pal.obj (.text:spi_Close)
                  2000d144    00000070                  : netapp.obj (.text:_sl_HandleAsync_PingResponse)
                  2000d1b4    0000006e                  : socket.obj (.text:_sl_TruncatePayloadByProtocol)
                  2000d222    00000002     --HOLE-- [fill = 0]
                  2000d224    00000068                  : socket.obj (.text:_sl_HandleAsync_Connect)
                  2000d28c    00000068                  : netapp.obj (.text:_sl_HandleAsync_DnsGetHostByService)
                  2000d2f4    00000064                  : socket.obj (.text:_sl_HandleAsync_Accept)
                  2000d358    00000064     driverlib.a : udma.obj (.text:uDMAChannelAttributeDisable)
                  2000d3bc    00000064                 : udma.obj (.text:uDMAChannelAttributeEnable)
                  2000d420    00000060     rtsv7M4_T_le_eabi.lib : sprintf.obj (.text)
                  2000d480    0000005e                           : copy_decompress_rle.obj (.text)
                  2000d4de    0000005c     simplelink.a : socket.obj (.text:sl_Bind)
                  2000d53a    0000005a     rtsv7M4_T_le_eabi.lib : ltoa.obj (.text)
                  2000d594    00000058     driverlib.a : interrupt.obj (.text:IntPendClear)
                  2000d5ec    00000058                 : prcm.obj (.text:PRCMPeripheralReset)
                  2000d644    00000058     simplelink.a : driver.obj (.text:_SlDrvDriverCBDeinit)
                  2000d69c    00000058                  : socket.obj (.text:_sl_HandleAsync_Select)
                  2000d6f4    00000054     driverlib.a : interrupt.obj (.text:IntPrioritySet)
                  2000d748    00000054     simplelink.a : device.obj (.text:_sl_HandleAsync_Stop)
                  2000d79c    00000054                  : netapp.obj (.text:sl_NetAppSendTokenValue)
                  2000d7f0    0000004c     driverlib.a : spi.obj (.text:SPIIntEnable)
                  2000d83c    0000004c     mcp9700.obj (.text)
                  2000d888    0000004c     rtsv7M4_T_le_eabi.lib : atoi.obj (.text)
                  2000d8d4    0000004c     driverlib.a : udma.obj (.text:uDMAChannelAssign)
                  2000d920    0000004a     simplelink.a : device.obj (.text:_sl_GetStartResponseConvert)
                  2000d96a    0000004a     pin_mux_config.obj (.text)
                  2000d9b4    00000048     driverlib.a : prcm.obj (.text:PRCMHibernateWakeupSourceEnable)
                  2000d9fc    00000048                 : spi.obj (.text:SPIIntClear)
                  2000da44    00000048     rtsv7M4_T_le_eabi.lib : fd_toi_t2.obj (.text)
                  2000da8c    00000048     simplelink.a : wlan.obj (.text:sl_WlanSet)
                  2000dad4    00000044     driverlib.a : spi.obj (.text:SPIDmaMaskGet)
                  2000db18    00000044     rtsv7M4_T_le_eabi.lib : cpy_tbl.obj (.text)
                  2000db5c    00000044                           : exit.obj (.text)
                  2000dba0    00000044                           : xdtest.obj (.text)
                  2000dbe4    00000044     simplelink.a : netcfg.obj (.text:sl_NetCfgSet)
                  2000dc28    00000044                  : socket.obj (.text:sl_Recv)
                  2000dc6c    00000040     driverlib.a : pin.obj (.text:PinModeSet)
                  2000dcac    00000040     simplelink.a : driver.obj (.text:_SlDrvRxIrqHandler)
                  2000dcec    00000040                  : driver.obj (.text:_SlRemoveFromList)
                  2000dd2c    00000040     main.obj (.text)
                  2000dd6c    00000040     simplelink.a : wlan.obj (.text:sl_WlanPolicySet)
                  2000ddac    00000040                  : wlan.obj (.text:sl_WlanRxFilterSet)
                  2000ddec    0000003c                  : cc_pal.obj (.text:NwpPowerOff)
                  2000de28    0000003c     driverlib.a : prcm.obj (.text:PRCMPeripheralClkEnable)
                  2000de64    0000003c     simplelink.a : driver.obj (.text:_SlDrvObjInit)
                  2000dea0    0000003c     driverlib.a : udma.obj (.text:uDMAChannelControlSet)
                  2000dedc    00000038                 : adc.obj (.text:ADCChannelDisable)
                  2000df14    00000038                 : adc.obj (.text:ADCChannelEnable)
                  2000df4c    00000038     free_rtos.a : heap_3.obj (.text)
                  2000df84    00000038     rtsv7M4_T_le_eabi.lib : fs_tod_t2.obj (.text)
                  2000dfbc    00000038     simplelink.a : socket.obj (.text:sl_Htonl)
                  2000dff4    00000036     driverlib.a : gpio.obj (.text:GPIODirModeSet)
                  2000e02a    00000002     --HOLE-- [fill = 0]
                  2000e02c    00000034                 : prcm.obj (.text:PRCMPeripheralStatusGet)
                  2000e060    00000034                 : spi.obj (.text:SPIFIFOLevelSet)
                  2000e094    00000034     simplelink.a : driver.obj (.text:_SlDrvBasicCmd)
                  2000e0c8    00000034     rtsv7M4_T_le_eabi.lib : boot.obj (.text)
                  2000e0fc    00000034     simplelink.a : socket.obj (.text:sl_Htons)
                  2000e130    00000030                  : cc_pal.obj (.text:NwpPowerOn)
                  2000e160    00000030     driverlib.a : pin.obj (.text:PinTypeGPIO)
                  2000e190    00000030                 : uart.obj (.text:UARTDisable)
                  2000e1c0    00000030     simplelink.a : socket.obj (.text:sl_Socket)
                  2000e1f0    0000002e     rtsv7M4_T_le_eabi.lib : i_tofd_t2.obj (.text)
                  2000e21e    00000002     --HOLE-- [fill = 0]
                  2000e220    0000002c     simplelink.a : cc_pal.obj (.text:DmaSpiSwIntHandler)
                  2000e24c    0000002c     driverlib.a : prcm.obj (.text:PRCMSysResetCauseGet)
                  2000e278    0000002c     simplelink.a : flowcont.obj (.text:_SlDrvFlowContDeinit)
                  2000e2a4    0000002c                  : flowcont.obj (.text:_SlDrvFlowContInit)
                  2000e2d0    00000028     driverlib.a : prcm.obj (.text:PRCMPeripheralClkDisable)
                  2000e2f8    00000028     simplelink.a : socket.obj (.text:_sl_BuildAddress)
                  2000e320    00000028                  : wlan.obj (.text:sl_WlanSetMode)
                  2000e348    00000024     driverlib.a : interrupt.obj (.text:IntUnregister)
                  2000e36c    00000024                 : uart.obj (.text:UARTEnable)
                  2000e390    00000024     rtsv7M4_T_le_eabi.lib : memmov.obj (.text)
                  2000e3b4    00000024                           : u_tofs_t2.obj (.text)
                  2000e3d8    00000024     simplelink.a : socket.obj (.text:sl_Close)
                  2000e3fc    00000024                  : wlan.obj (.text:sl_WlanProfileDel)
                  2000e420    00000022                  : cc_pal.obj (.text:NwpRegisterInterruptHandler)
                  2000e442    00000022     driverlib.a : spi.obj (.text:SPIReset)
                  2000e464    00000022                 : spi.obj (.text:SPIWordCountSet)
                  2000e486    00000020                 : gpio.obj (.text:GPIOPinWrite)
                  2000e4a6    00000002     --HOLE-- [fill = 0]
                  2000e4a8    00000020                 : interrupt.obj (.text:IntRegister)
                  2000e4c8    00000020     simplelink.a : driver.obj (.text:_SlDrvCmdSend)
                  2000e4e8    0000001e     driverlib.a : uart.obj (.text:UARTCharPut)
                  2000e506    0000001c                 : adc.obj (.text:ADCFIFOLvlGet)
                  2000e522    00000002     --HOLE-- [fill = 0]
                  2000e524    0000001c     mcp9700.obj (.text:Mcp9700On)
                  2000e540    0000001c     simplelink.a : driver.obj (.text:_SlDrvObjDeInit)
                  2000e55c    0000001c     rtsv7M4_T_le_eabi.lib : memccpy.obj (.text)
                  2000e578    0000001c     driverlib.a : udma.obj (.text:uDMAChannelDisable)
                  2000e594    0000001c                 : udma.obj (.text:uDMAChannelEnable)
                  2000e5b0    0000001c                 : udma.obj (.text:uDMAChannelRequest)
                  2000e5cc    0000001a     simplelink.a : netapp.obj (.text:CopyPingResultsToReport)
                  2000e5e6    0000001a     driverlib.a : pin.obj (.text:PinTypeUART)
                  2000e600    0000001a                 : spi.obj (.text:SPIDmaDisable)
                  2000e61a    0000001a                 : spi.obj (.text:SPIDmaEnable)
                  2000e634    0000001a                 : spi.obj (.text:SPIFIFODisable)
                  2000e64e    0000001a                 : spi.obj (.text:SPIFIFOEnable)
                  2000e668    0000001a     simplelink.a : device.obj (.text:_SlDrvDeviceEventHandler)
                  2000e682    00000018     driverlib.a : adc.obj (.text:ADCFIFORead)
                  2000e69a    00000002     --HOLE-- [fill = 0]
                  2000e69c    00000018                 : prcm.obj (.text:PRCMHibernateEnter)
                  2000e6b4    00000018                 : spi.obj (.text:SPICSDisable)
                  2000e6cc    00000018                 : spi.obj (.text:SPICSEnable)
                  2000e6e4    00000018                 : spi.obj (.text:SPIDisable)
                  2000e6fc    00000018                 : spi.obj (.text:SPIEnable)
                  2000e714    00000018     rtsv7M4_T_le_eabi.lib : args_main.obj (.text)
                  2000e72c    00000018                           : ll_mul_t2.obj (.text)
                  2000e744    00000016     driverlib.a : adc.obj (.text:ADCTimerDisable)
                  2000e75a    00000016                 : prcm.obj (.text:PRCMHIBRegRead)
                  2000e770    00000016                 : prcm.obj (.text:PRCMHIBRegWrite)
                  2000e786    00000016                 : uart.obj (.text:UARTCharGet)
                  2000e79c    00000016                 : udma.obj (.text:uDMAIntRegister)
                  2000e7b2    00000014                 : adc.obj (.text:ADCDisable)
                  2000e7c6    00000014                 : adc.obj (.text:ADCEnable)
                  2000e7da    00000014                 : cpu.obj (.text:CPUcpsie)
                  2000e7ee    00000002     --HOLE-- [fill = 0]
                  2000e7f0    00000014                 : interrupt.obj (.text:IntVTableBaseSet)
                  2000e804    00000014                 : pin.obj (.text:PinTypeADC)
                  2000e818    00000014     simplelink.a : driver.obj (.text:_SlDrvShiftDWord)
                  2000e82c    00000014     rtsv7M4_T_le_eabi.lib : _lock.obj (.text)
                  2000e840    00000014                           : strlen.obj (.text)
                  2000e854    00000014     driverlib.a : udma.obj (.text:uDMAControlBaseSet)
                  2000e868    00000014                 : udma.obj (.text:uDMAIntClear)
                  2000e87c    00000012     rtsv7M4_T_le_eabi.lib : copy_zero_init.obj (.text:decompress:ZI)
                  2000e88e    00000012     simplelink.a : netapp.obj (.text:sl_NetAppMDNSUnRegisterService)
                  2000e8a0    00000012     driverlib.a : udma.obj (.text:uDMAIntUnregister)
                  2000e8b2    00000010     mcp9700.obj (.text:Mcp9700Off)
                  2000e8c2    00000002     --HOLE-- [fill = 0]
                  2000e8c4    00000010     simplelink.a : cc_pal.obj (.text:NwpMaskInterrupt)
                  2000e8d4    0000000e     rtsv7M4_T_le_eabi.lib : copy_decompress_none.obj (.text:decompress:none)
                  2000e8e2    0000000e                           : xdclass.obj (.text)
                  2000e8f0    0000000e     startup_ccs.obj (.text)
                  2000e8fe    00000002     --HOLE-- [fill = 0]
                  2000e900    0000000c     simplelink.a : cc_pal.obj (.text:NwpUnMaskInterrupt)
                  2000e90c    0000000c     driverlib.a : udma.obj (.text:uDMADisable)
                  2000e918    0000000c                 : udma.obj (.text:uDMAEnable)
                  2000e924    0000000c                 : udma.obj (.text:uDMAIntStatus)
                  2000e930    0000000a                 : interrupt.obj (.text:IntMasterEnable)
                  2000e93a    00000008     simplelink.a : wlan.obj (.text:sl_WlanDisconnect)
                  2000e942    00000006     driverlib.a : utils.obj (.text:UtilsDelay)
                  2000e948    00000006     rtsv7M4_T_le_eabi.lib : copy_decompress_rle.obj (.text:decompress:rle24)
                  2000e94e    00000006     watchdog.obj (.text)

.const     0    2000e954    00000878     
                  2000e954    00000102     rtsv7M4_T_le_eabi.lib : ctype.obj (.const:.string:_ctypes_)
                  2000ea56    00000002     --HOLE-- [fill = 0]
                  2000ea58    00000100     driverlib.a : pin.obj (.const:g_ulPinToPadMap)
                  2000eb58    000000ec     simplelink.a : wlan.obj (.const)
                  2000ec44    000000d4     driverlib.a : interrupt.obj (.const:g_pulRegs)
                  2000ed18    000000a8                 : prcm.obj (.const:PRCM_PeriphRegsList)
                  2000edc0    0000009e     system.obj (.const:.string)
                  2000ee5e    00000002     --HOLE-- [fill = 0]
                  2000ee60    00000080     driverlib.a : interrupt.obj (.const)
                  2000eee0    00000062     network_if.obj (.const:.string)
                  2000ef42    00000002     --HOLE-- [fill = 0]
                  2000ef44    0000004c     simplelink.a : driver.obj (.const)
                  2000ef90    00000041     system.obj (.const:.string:$P$T0$1)
                  2000efd1    00000036     system.obj (.const:.string:$P$T9$10)
                  2000f007    00000035     system.obj (.const:.string:$P$T11$12)
                  2000f03c    00000034     simplelink.a : socket.obj (.const)
                  2000f070    0000002c     network_if.obj (.const:$P$T1$2)
                  2000f09c    0000002c     system.obj (.const:.string:$P$T10$11)
                  2000f0c8    0000002a     system.obj (.const:.string:$P$T8$9)
                  2000f0f2    00000028     system.obj (.const:.string:$P$T2$3)
                  2000f11a    00000002     --HOLE-- [fill = 0]
                  2000f11c    00000028     simplelink.a : netapp.obj (.const)
                  2000f144    00000024     network_if.obj (.const)
                  2000f168    00000022     network_if.obj (.const:.string:$P$T0$1)
                  2000f18a    00000002     --HOLE-- [fill = 0]
                  2000f18c    00000018     driverlib.a : spi.obj (.const)
                  2000f1a4    00000014     simplelink.a : device.obj (.const)
                  2000f1b8    0000000c     time.obj (.const:.string)
                  2000f1c4    00000008     simplelink.a : netcfg.obj (.const)

.cinit     0    2000f1d0    00000058     
                  2000f1d0    0000002d     (.cinit..data.load) [load image, compression = rle]
                  2000f1fd    00000003     --HOLE-- [fill = 0]
                  2000f200    0000000c     (__TI_handler_table)
                  2000f20c    00000004     --HOLE-- [fill = 0]
                  2000f210    00000008     (.cinit..bss.load) [load image, compression = zero_init]
                  2000f218    00000010     (__TI_cinit_table)

.sysmem    0    20017000    00008000     UNINITIALIZED
                  20017000    00000008     rtsv7M4_T_le_eabi.lib : memory.obj (.sysmem)
                  20017008    00007ff8     --HOLE--

.bss       0    2001f000    00000ef3     UNINITIALIZED
                  2001f000    00000400     system.obj (.bss:acRecvbuff)
                  2001f400    00000400     system.obj (.bss:acSendBuff)
                  2001f800    00000400     udma_if.obj (.bss:gpCtlTbl)
                  2001fc00    00000100     udma_if.obj (.bss:gfpAppCallbackHndl)
                  2001fd00    000000c8     free_rtos.a : tasks.obj (.bss:pxReadyTasksLists)
                  2001fdc8    00000050                 : queue.obj (.bss:xQueueRegistry)
                  2001fe18    0000003c     system.obj (.bss:g_sAppData)
                  2001fe54    00000024     network_if.obj (.bss:g_ucConnectionSSID)
                  2001fe78    00000014     (.common:xDelayedTaskList1)
                  2001fe8c    00000014     (.common:xDelayedTaskList2)
                  2001fea0    00000014     (.common:xPendingReadyList)
                  2001feb4    00000014     (.common:xSuspendedTaskList)
                  2001fec8    00000014     (.common:xTasksWaitingTermination)
                  2001fedc    00000008     (.common:g_ucConnectionBSSID)
                  2001fee4    00000004     (.common:__Errorlog)
                  2001fee8    00000004     (.common:pxDelayedTaskList)
                  2001feec    00000004     (.common:pxOverflowDelayedTaskList)
                  2001fef0    00000002     (.common:g_usConnectIndex)
                  2001fef2    00000001     (.common:iDone)

.data      0    2001fef4    00000264     UNINITIALIZED
                  2001fef4    00000184     simplelink.a : driver.obj (.data)
                  20020078    00000064                  : cc_pal.obj (.data)
                  200200dc    00000034     free_rtos.a : tasks.obj (.data)
                  20020110    0000000c                 : osi_freertos.obj (.data)
                  2002011c    0000000c     network_if.obj (.data)
                  20020128    0000000c     rtsv7M4_T_le_eabi.lib : memory.obj (.data)
                  20020134    0000000c     system.obj (.data)
                  20020140    00000008     rtsv7M4_T_le_eabi.lib : _lock.obj (.data)
                  20020148    00000008                           : exit.obj (.data)
                  20020150    00000004     free_rtos.a : port.obj (.data)
                  20020154    00000004     rtsv7M4_T_le_eabi.lib : stkdepth_vars.obj (.data)

.stack     0    2002f800    00000800     UNINITIALIZED
                  2002f800    00000800     --HOLE--


LINKER GENERATED COPY TABLES

__TI_cinit_table @ 2000f218 records: 2, size/record: 8, table size: 16
	.data: load addr=2000f1d0, load size=0000002d bytes, run addr=2001fef4, run size=00000264 bytes, compression=rle
	.bss: load addr=2000f210, load size=00000008 bytes, run addr=2001f000, run size=00000ef3 bytes, compression=zero_init


LINKER GENERATED HANDLER TABLE

__TI_handler_table @ 2000f200 records: 3, size/record: 4, table size: 12
	index: 0, handler: __TI_decompress_rle24
	index: 1, handler: __TI_decompress_none
	index: 2, handler: __TI_zero_init


GLOBAL SYMBOLS: SORTED ALPHABETICALLY BY Name 

address    name
--------   ----
2000dedd   ADCChannelDisable
2000df15   ADCChannelEnable
2000e7b3   ADCDisable
2000e7c7   ADCEnable
2000e507   ADCFIFOLvlGet
2000e683   ADCFIFORead
2000e745   ADCTimerDisable
2000b7c9   Adc12Disable
2000b7bf   Adc12Enable
2000b7b5   Adc12Init
2000b7d3   Adc12Read
2000db5d   C$$EXIT
2000e7db   CPUcpsie
20009d99   ClearTerm
20005b35   ConfigureSimpleLinkToDefaultState
2000e5cd   CopyPingResultsToReport
20020084   DMAMsgQ
2000a16b   DMASetupTransfer
200085f1   DataUpdateTask
20009fdb   DmaErrorIntHandler
2000e221   DmaSpiSwIntHandler
20009fc5   DmaSwIntHandler
20009da3   Error
2000dff5   GPIODirModeSet
2000e487   GPIOPinWrite
20009ddb   GetCmd
20007fd7   GetSNTPTime
2000c7e1   HibernateEnter
2000c7cd   HibernateInit
2000c7f5   HibernateWatchdog
20009d59   InitTerm
200058f9   InitializeAppVariables
2000c1c9   IntDisable
2000c271   IntEnable
2000e931   IntMasterEnable
2000d595   IntPendClear
2000d6f5   IntPrioritySet
2000e4a9   IntRegister
2000e349   IntUnregister
2000e7f1   IntVTableBaseSet
2000e8b3   Mcp9700Off
2000e525   Mcp9700On
2000d83d   Mcp9700Temperature
20009d77   Message
2000b5d1   MessageSend
20006041   Network_IF_ConnectAP
200063c5   Network_IF_CurrentMCUState
2000601b   Network_IF_DeInitDriver
2000620b   Network_IF_DisconnectFromAP
20006351   Network_IF_GetHostIP
20005ebd   Network_IF_InitDriver
20006295   Network_IF_IpConfigGet
200063bd   Network_IF_ResetMCUStateMachine
200063cb   Network_IF_SetMCUMachineState
20006409   Network_IF_UnsetMCUMachineState
2000e8c5   NwpMaskInterrupt
2000dded   NwpPowerOff
2000e131   NwpPowerOn
2000cc0d   NwpPowerOnPreamble
2000e421   NwpRegisterInterruptHandler
2000e901   NwpUnMaskInterrupt
2000aae9   PRCMCC3200MCUInit
2000e75b   PRCMHIBRegRead
2000e771   PRCMHIBRegWrite
2000e69d   PRCMHibernateEnter
2000c85d   PRCMHibernateIntervalSet
2000d9b5   PRCMHibernateWakeupSourceEnable
2000e2d1   PRCMPeripheralClkDisable
2000de29   PRCMPeripheralClkEnable
2000c4ed   PRCMPeripheralClockGet
2000d5ed   PRCMPeripheralReset
2000e02d   PRCMPeripheralStatusGet
2000e24d   PRCMSysResetCauseGet
2000c8e5   PinConfigSet
2000dc6d   PinModeSet
2000d96b   PinMuxConfig
2000e805   PinTypeADC
2000e161   PinTypeGPIO
2000e5e7   PinTypeUART
20009f05   Report
2000e8f1   ResetISR
UNDEFED    SHT$$INIT_ARRAY$$Base
UNDEFED    SHT$$INIT_ARRAY$$Limit
2000e6b5   SPICSDisable
2000e6cd   SPICSEnable
2000c319   SPIConfigSetExpClk
2000e6e5   SPIDisable
2000e601   SPIDmaDisable
2000e61b   SPIDmaEnable
2000e6fd   SPIEnable
2000e635   SPIFIFODisable
2000e64f   SPIFIFOEnable
2000e061   SPIFIFOLevelSet
2000d9fd   SPIIntClear
2000d7f1   SPIIntEnable
2000e443   SPIReset
2000e465   SPIWordCountSet
20020134   SecurityParams
2000826d   SetPlotLyData
2000a06d   SetupTransfer
200058ad   SimpleLinkGeneralEventHandler
200058ed   SimpleLinkHttpServerCallback
20005835   SimpleLinkNetAppEventHandler
200058c7   SimpleLinkSockEventHandler
20005671   SimpleLinkWlanEventHandler
200086f7   SystemTaskCreate
200086e9   SystemTaskManager
200089cb   TimeInSeconds
20008ab3   TimeInStruct
20008949   TimeInStructIsOk
20008c01   TimeInText
20009e6d   TrimSpace
2000e787   UARTCharGet
2000e4e9   UARTCharPut
2000cfe5   UARTConfigSetExpClk
2000e191   UARTDisable
2000e36d   UARTEnable
2000a03f   UDMAChannelSelect
2000a157   UDMADeInit
20009fe7   UDMAInit
2000a0b1   UDMASetupAutoMemTransfer
2000a0e5   UDMASetupPingPongTransfer
2000a13f   UDMAStartTransfer
2000a14b   UDMAStopTransfer
2000b60b   UartA0Get
2000b5f3   UartA0Init
2000b617   UartA0Write
2000e943   UtilsDelay
20009105   VDeleteSimpleLinkSpawnTask
200090b5   VStartSimpleLinkSpawnTask
2000e951   WatchdogGo
2000e94f   WatchdogInit
2000e953   WatchdogIntHandler
2000e8e3   _Dclass
2000dba1   _Dtest
2000f05c   _SlAcceptCmdCtrl
2000ef58   _SlActionLookupTable
20009a0d   _SlAsyncEventGenericHandler
2000f1b0   _SlDeviceGetCmdCtrl
2000f1b4   _SlDeviceSetCmdCtrl
2000e095   _SlDrvBasicCmd
2000c581   _SlDrvClassifyRxMsg
2000cb89   _SlDrvCmdOp
2000e4c9   _SlDrvCmdSend
2000a70d   _SlDrvDataReadOp
2000ad4d   _SlDrvDataWriteOp
2000e669   _SlDrvDeviceEventHandler
2000d645   _SlDrvDriverCBDeinit
2000cc8d   _SlDrvDriverCBInit
2000e279   _SlDrvFlowContDeinit
2000e2a5   _SlDrvFlowContInit
20009665   _SlDrvMsgRead
2000be51   _SlDrvMsgReadCmdCtx
2000c73d   _SlDrvMsgReadSpawnCtx
2000afa5   _SlDrvMsgWrite
2000bfb9   _SlDrvNetAppEventHandler
2000e541   _SlDrvObjDeInit
2000de65   _SlDrvObjInit
2000b2d5   _SlDrvReleasePoolObj
2000a871   _SlDrvRxHdrRead
2000dcad   _SlDrvRxIrqHandler
2000e819   _SlDrvShiftDWord
2000b1c9   _SlDrvWaitForPoolObj
2000f1ac   _SlEventMaskGetCmdCtrl
2000f1a8   _SlEventMaskSetCmdCtrl
2000c455   _SlFindAndSetActiveObj
2000f134   _SlGetHostByNameCtrl
2000f130   _SlGetHostByServiceCtrl
2000f128   _SlGetServiceListeCtrl
2000f068   _SlGetSockOptCmdCtrl
2000f058   _SlListenCmdCtrl
2000f140   _SlNetAppGetCmdCtrl
2000f13c   _SlNetAppSendTokenValueCmdCtrl
2000f138   _SlNetAppSetCmdCtrl
2000f120   _SlNetAppStartCtrl
2000f124   _SlNetAppStopCtrl
2000f1c8   _SlNetCfgGetCmdCtrl
2000f1c4   _SlNetCfgSetCmdCtrl
2000eb60   _SlPolicyGetCmdCtrl
2000eb5c   _SlPolicySetCmdCtrl
2000eb68   _SlProfileDelCmdCtrl
2000eb64   _SlProfileGetCmdCtrl
2000f060   _SlRecvCmdCtrl
2000f050   _SlRecvfomCmdCtrl
2000f12c   _SlRegisterServiceCtrl
2000dced   _SlRemoveFromList
2000eb70   _SlRxFilterAddtCmdCtrl
2000eb78   _SlRxFilterGetCmdCtrl
2000eb74   _SlRxFilterSetCmdCtrl
2000f06c   _SlSelectCmdCtrl
2000f054   _SlSendCmdCtrl
2000f064   _SlSetSockOptCmdCtrl
2000eb7c   _SlSmartConfigStartCmdCtrl
2000f04c   _SlSockCloseCmdCtrl
2000f048   _SlSockSocketCmdCtrl
2000f1a4   _SlStopCmdCtrl
2000eb88   _SlWlanCfgGetCmdCtrl
2000eb84   _SlWlanCfgSetCmdCtrl
2000eb6c   _SlWlanGetNetworkListCtrl
2000eb80   _SlWlanSetModeCmdCtrl
20030000   __STACK_END
00000800   __STACK_SIZE
00008000   __SYSMEM_SIZE
2000f218   __TI_CINIT_Base
2000f228   __TI_CINIT_Limit
2000f200   __TI_Handler_Table_Base
2000f20c   __TI_Handler_Table_Limit
00000001   __TI_args_main
2000c615   __TI_auto_init
20020148   __TI_cleanup_ptr
2000e8d5   __TI_decompress_none
2000e949   __TI_decompress_rle24
2002014c   __TI_dtors_ptr
200070fb   __TI_printfi
2000f1d0   __TI_static_base__
2000e87d   __TI_zero_init
2000ca7d   __aeabi_cdcmpeq
2000ca7d   __aeabi_cdcmple
2000cb03   __aeabi_cdrcmple
2000da45   __aeabi_d2iz
2000a3c3   __aeabi_dadd
2000a9b1   __aeabi_ddiv
2000b3d9   __aeabi_dmul
2000a3b9   __aeabi_dsub
2000df85   __aeabi_f2d
2000b4d9   __aeabi_fadd
2000c6a9   __aeabi_fdiv
2000ce01   __aeabi_fmul
2000b4d5   __aeabi_fsub
2000e1f1   __aeabi_i2d
2000e72d   __aeabi_lmul
2000cef5   __aeabi_memclr
2000cef5   __aeabi_memclr4
2000cef5   __aeabi_memclr8
2000c3b9   __aeabi_memcpy
2000c3b9   __aeabi_memcpy4
2000c3b9   __aeabi_memcpy8
2000cef7   __aeabi_memset
2000cef7   __aeabi_memset4
2000cef7   __aeabi_memset8
2000e3b5   __aeabi_ui2f
2000a1c5   __aeabi_uldivmod
ffffffff   __binit__
ffffffff   __c_args__
2002f800   __stack
2000e715   _args_main
2000e0c9   _c_int00
2000e954   _ctypes_
20020140   _lock
2000e83b   _nop
2000e833   _register_lock
2000e82d   _register_unlock
2000e2f9   _sl_BuildAddress
2000d921   _sl_GetStartResponseConvert
2000d2f5   _sl_HandleAsync_Accept
2000d225   _sl_HandleAsync_Connect
2000cd09   _sl_HandleAsync_DnsGetHostByName
2000d28d   _sl_HandleAsync_DnsGetHostByService
2000d05d   _sl_HandleAsync_InitComplete
2000d145   _sl_HandleAsync_PingResponse
2000d69d   _sl_HandleAsync_Select
2000d749   _sl_HandleAsync_Stop
2000d1b5   _sl_TruncatePayloadByProtocol
20017000   _sys_memory
20020144   _unlock
2000db61   abort
2001f000   acRecvbuff
2001f400   acSendBuff
2000d889   atoi
ffffffff   binit
2000962d   calloc
2000db19   copy_in
20004691   eTaskGetState
2000db69   exit
20009387   free
2001fef8   gFirstCmdMode
2000ef50   g_H2NCnysPattern
2000ef48   g_H2NSyncPattern
20020078   g_SpiFd
2001ff00   g_StatMem
20020088   g_cDummy
2001fefc   g_pCB
2002007c   g_pHostIntHdl
20004000   g_pfnVectors
2001fe18   g_sAppData
2001fedc   g_ucConnectionBSSID
2001fe54   g_ucConnectionSSID
20020080   g_ucDMAEnabled
2002008c   g_ucDinDout
20020124   g_ulGatewayIP
20020120   g_ulStaIp
2002011c   g_ulStatus
2001fef0   g_usConnectIndex
2001fc00   gfpAppCallbackHndl
2001f800   gpCtlTbl
2001fef2   iDone
2000644b   itoa
2000d53b   ltoa
2000dd45   main
20020154   main_func_sp
20009325   malloc
20009209   mem_Free
200091fd   mem_Malloc
20009229   mem_copy
20009215   mem_set
2000954d   memalign
2000e55d   memccpy
2000c3b9   memcpy
2000e391   memmove
2000cefd   memset
20009299   minit
2000f1b8   monthLength
2000927f   osi_ContextRestore
2000927d   osi_ContextSave
2000923d   osi_EnterCritical
20009247   osi_ExitCritical
20008e63   osi_InterruptDeRegister
20008e3d   osi_InterruptRegister
20008f6d   osi_LockObjCreate
20008fe1   osi_LockObjDelete
20008ff1   osi_LockObjLock
2000901d   osi_LockObjUnlock
20009131   osi_MsgQCreate
20009175   osi_MsgQDelete
200091c1   osi_MsgQRead
2000918f   osi_MsgQWrite
20009259   osi_Sleep
20009047   osi_Spawn
20008f4b   osi_SyncObjClear
20008e75   osi_SyncObjCreate
20008ea5   osi_SyncObjDelete
20008ebf   osi_SyncObjSignal
20008ee7   osi_SyncObjSignalFromISR
20008f1f   osi_SyncObjWait
20008f93   osi_TaskCreate
20008fd3   osi_TaskDelete
20009269   osi_TaskDisable
20009273   osi_TaskEnable
20009251   osi_start
2001fef4   pPingCallBackFunc
2000eee0   pcDigits
20004bb5   pcTaskGetTaskName
2000be49   portCLZ
2000be31   prvPortStartFirstTask
2000df4d   pvPortMalloc
200200dc   pxCurrentTCB
2000b0b9   pxPortInitialiseStack
20009447   realloc
2000d4df   sl_Bind
2000e3d9   sl_Close
2000b89d   sl_Connect
2000cd85   sl_DevGet
2000dfbd   sl_Htonl
2000e0fd   sl_Htons
2000ba6d   sl_NetAppDnsGetHostByName
2000c9f5   sl_NetAppMDNSRegisterUnregisterService
2000e88f   sl_NetAppMDNSUnRegisterService
2000d79d   sl_NetAppSendTokenValue
2000cf6d   sl_NetCfgGet
2000dbe5   sl_NetCfgSet
2000dc29   sl_Recv
2000c11d   sl_RecvFrom
2000c06d   sl_Send
2000bf05   sl_SendTo
2000e1c1   sl_Socket
2000bcd5   sl_Start
2000bc11   sl_Stop
2000a571   sl_WlanConnect
2000e93b   sl_WlanDisconnect
2000dd6d   sl_WlanPolicySet
2000e3fd   sl_WlanProfileDel
2000ddad   sl_WlanRxFilterSet
2000da8d   sl_WlanSet
2000e321   sl_WlanSetMode
2000d0d1   spi_Close
2000ac1d   spi_Open
2000bb45   spi_Read
2000b985   spi_Write
2000d421   sprintf
2000e841   strlen
2000d8d5   uDMAChannelAssign
2000d359   uDMAChannelAttributeDisable
2000d3bd   uDMAChannelAttributeEnable
2000dea1   uDMAChannelControlSet
2000e579   uDMAChannelDisable
2000e595   uDMAChannelEnable
2000e5b1   uDMAChannelRequest
2000b6c5   uDMAChannelTransferSet
2000e855   uDMAControlBaseSet
2000e90d   uDMADisable
2000e919   uDMAEnable
2000e869   uDMAIntClear
2000e79d   uDMAIntRegister
2000e925   uDMAIntStatus
2000e8a1   uDMAIntUnregister
20007b85   ucQueueGetQueueType
2000bd99   ulPortSetInterruptMask
2000af5b   uxListRemove
20007b65   uxQueueGetQueueNumber
20007af9   uxQueueMessagesWaiting
20007b2f   uxQueueMessagesWaitingFromISR
20007b0f   uxQueueSpacesAvailable
20004ba9   uxTaskGetNumberOfTasks
20004bd9   uxTaskGetSystemState
200050c9   uxTaskGetTaskNumber
20004725   uxTaskPriorityGet
20005621   uxTaskResetEventItemValue
20005663   vApplicationIdleHook
20005665   vApplicationMallocFailedHook
20005667   vApplicationStackOverflowHook
20005659   vAssertCalled
2000ae79   vListInitialise
2000aea9   vListInitialiseItem
2000aef5   vListInsert
2000aeb9   vListInsertEnd
2000bdaf   vPortClearInterruptMask
2000b135   vPortEndScheduler
2000b149   vPortEnterCritical
2000b161   vPortExitCritical
2000df6d   vPortFree
2000be09   vPortSVCHandler
2000b195   vPortSetupTimerInterrupt
2000b137   vPortYield
20007d9f   vQueueAddToRegistry
20007b41   vQueueDelete
20007b73   vQueueSetQueueNumber
20007de1   vQueueUnregisterQueue
2000463b   vTaskDelay
2000459f   vTaskDelayUntil
2000450f   vTaskDelete
20004a8d   vTaskEndScheduler
200050bb   vTaskMissedYield
20004e51   vTaskPlaceOnEventList
20004eb5   vTaskPlaceOnUnorderedEventList
20005597   vTaskPriorityDisinherit
200054dd   vTaskPriorityInherit
2000475d   vTaskPrioritySet
20004955   vTaskResume
200050e9   vTaskSetTaskNumber
2000501b   vTaskSetTimeOutState
20004a43   vTaskStartScheduler
20004861   vTaskSuspend
20004a9f   vTaskSuspendAll
20004dd1   vTaskSwitchContext
2000c96d   vsnprintf
20020110   xHigherPriorityTaskWoken
2000bdbd   xPortPendSVHandler
2000b109   xPortStartScheduler
2000b179   xPortSysTickHandler
20007e2f   xQueueAddToSet
20007761   xQueueAltGenericReceive
200076b5   xQueueAltGenericSend
20007589   xQueueCreateCountingSemaphore
2000750b   xQueueCreateMutex
20007e1b   xQueueCreateSet
20007495   xQueueGenericCreate
200078fb   xQueueGenericReceive
20007405   xQueueGenericReset
200075a9   xQueueGenericSend
2000785f   xQueueGenericSendFromISR
20007d3b   xQueueIsQueueEmptyFromISR
20007d7d   xQueueIsQueueFullFromISR
20007ab5   xQueuePeekFromISR
20007a3d   xQueueReceiveFromISR
2001fdc8   xQueueRegistry
20007e63   xQueueRemoveFromSet
20007ea5   xQueueSelectFromSet
20007ebf   xQueueSelectFromSetFromISR
20020114   xSimpleLinkSpawnQueue
20020118   xSimpleLinkSpawnTaskHndl
20005041   xTaskCheckForTimeOut
20004401   xTaskGenericCreate
20005491   xTaskGetCurrentTaskHandle
20004c97   xTaskGetIdleTaskHandle
200054a5   xTaskGetSchedulerState
20004b7d   xTaskGetTickCount
20004b91   xTaskGetTickCountFromISR
20004cb5   xTaskIncrementTick
20004f25   xTaskRemoveFromEventList
20004fad   xTaskRemoveFromUnorderedEventList
20004ab1   xTaskResumeAll
200049c9   xTaskResumeFromISR


GLOBAL SYMBOLS: SORTED BY Symbol Address 

address    name
--------   ----
00000001   __TI_args_main
00000800   __STACK_SIZE
00008000   __SYSMEM_SIZE
20004000   g_pfnVectors
20004401   xTaskGenericCreate
2000450f   vTaskDelete
2000459f   vTaskDelayUntil
2000463b   vTaskDelay
20004691   eTaskGetState
20004725   uxTaskPriorityGet
2000475d   vTaskPrioritySet
20004861   vTaskSuspend
20004955   vTaskResume
200049c9   xTaskResumeFromISR
20004a43   vTaskStartScheduler
20004a8d   vTaskEndScheduler
20004a9f   vTaskSuspendAll
20004ab1   xTaskResumeAll
20004b7d   xTaskGetTickCount
20004b91   xTaskGetTickCountFromISR
20004ba9   uxTaskGetNumberOfTasks
20004bb5   pcTaskGetTaskName
20004bd9   uxTaskGetSystemState
20004c97   xTaskGetIdleTaskHandle
20004cb5   xTaskIncrementTick
20004dd1   vTaskSwitchContext
20004e51   vTaskPlaceOnEventList
20004eb5   vTaskPlaceOnUnorderedEventList
20004f25   xTaskRemoveFromEventList
20004fad   xTaskRemoveFromUnorderedEventList
2000501b   vTaskSetTimeOutState
20005041   xTaskCheckForTimeOut
200050bb   vTaskMissedYield
200050c9   uxTaskGetTaskNumber
200050e9   vTaskSetTaskNumber
20005491   xTaskGetCurrentTaskHandle
200054a5   xTaskGetSchedulerState
200054dd   vTaskPriorityInherit
20005597   vTaskPriorityDisinherit
20005621   uxTaskResetEventItemValue
20005659   vAssertCalled
20005663   vApplicationIdleHook
20005665   vApplicationMallocFailedHook
20005667   vApplicationStackOverflowHook
20005671   SimpleLinkWlanEventHandler
20005835   SimpleLinkNetAppEventHandler
200058ad   SimpleLinkGeneralEventHandler
200058c7   SimpleLinkSockEventHandler
200058ed   SimpleLinkHttpServerCallback
200058f9   InitializeAppVariables
20005b35   ConfigureSimpleLinkToDefaultState
20005ebd   Network_IF_InitDriver
2000601b   Network_IF_DeInitDriver
20006041   Network_IF_ConnectAP
2000620b   Network_IF_DisconnectFromAP
20006295   Network_IF_IpConfigGet
20006351   Network_IF_GetHostIP
200063bd   Network_IF_ResetMCUStateMachine
200063c5   Network_IF_CurrentMCUState
200063cb   Network_IF_SetMCUMachineState
20006409   Network_IF_UnsetMCUMachineState
2000644b   itoa
200070fb   __TI_printfi
20007405   xQueueGenericReset
20007495   xQueueGenericCreate
2000750b   xQueueCreateMutex
20007589   xQueueCreateCountingSemaphore
200075a9   xQueueGenericSend
200076b5   xQueueAltGenericSend
20007761   xQueueAltGenericReceive
2000785f   xQueueGenericSendFromISR
200078fb   xQueueGenericReceive
20007a3d   xQueueReceiveFromISR
20007ab5   xQueuePeekFromISR
20007af9   uxQueueMessagesWaiting
20007b0f   uxQueueSpacesAvailable
20007b2f   uxQueueMessagesWaitingFromISR
20007b41   vQueueDelete
20007b65   uxQueueGetQueueNumber
20007b73   vQueueSetQueueNumber
20007b85   ucQueueGetQueueType
20007d3b   xQueueIsQueueEmptyFromISR
20007d7d   xQueueIsQueueFullFromISR
20007d9f   vQueueAddToRegistry
20007de1   vQueueUnregisterQueue
20007e1b   xQueueCreateSet
20007e2f   xQueueAddToSet
20007e63   xQueueRemoveFromSet
20007ea5   xQueueSelectFromSet
20007ebf   xQueueSelectFromSetFromISR
20007fd7   GetSNTPTime
2000826d   SetPlotLyData
200085f1   DataUpdateTask
200086e9   SystemTaskManager
200086f7   SystemTaskCreate
20008949   TimeInStructIsOk
200089cb   TimeInSeconds
20008ab3   TimeInStruct
20008c01   TimeInText
20008e3d   osi_InterruptRegister
20008e63   osi_InterruptDeRegister
20008e75   osi_SyncObjCreate
20008ea5   osi_SyncObjDelete
20008ebf   osi_SyncObjSignal
20008ee7   osi_SyncObjSignalFromISR
20008f1f   osi_SyncObjWait
20008f4b   osi_SyncObjClear
20008f6d   osi_LockObjCreate
20008f93   osi_TaskCreate
20008fd3   osi_TaskDelete
20008fe1   osi_LockObjDelete
20008ff1   osi_LockObjLock
2000901d   osi_LockObjUnlock
20009047   osi_Spawn
200090b5   VStartSimpleLinkSpawnTask
20009105   VDeleteSimpleLinkSpawnTask
20009131   osi_MsgQCreate
20009175   osi_MsgQDelete
2000918f   osi_MsgQWrite
200091c1   osi_MsgQRead
200091fd   mem_Malloc
20009209   mem_Free
20009215   mem_set
20009229   mem_copy
2000923d   osi_EnterCritical
20009247   osi_ExitCritical
20009251   osi_start
20009259   osi_Sleep
20009269   osi_TaskDisable
20009273   osi_TaskEnable
2000927d   osi_ContextSave
2000927f   osi_ContextRestore
20009299   minit
20009325   malloc
20009387   free
20009447   realloc
2000954d   memalign
2000962d   calloc
20009665   _SlDrvMsgRead
20009a0d   _SlAsyncEventGenericHandler
20009d59   InitTerm
20009d77   Message
20009d99   ClearTerm
20009da3   Error
20009ddb   GetCmd
20009e6d   TrimSpace
20009f05   Report
20009fc5   DmaSwIntHandler
20009fdb   DmaErrorIntHandler
20009fe7   UDMAInit
2000a03f   UDMAChannelSelect
2000a06d   SetupTransfer
2000a0b1   UDMASetupAutoMemTransfer
2000a0e5   UDMASetupPingPongTransfer
2000a13f   UDMAStartTransfer
2000a14b   UDMAStopTransfer
2000a157   UDMADeInit
2000a16b   DMASetupTransfer
2000a1c5   __aeabi_uldivmod
2000a3b9   __aeabi_dsub
2000a3c3   __aeabi_dadd
2000a571   sl_WlanConnect
2000a70d   _SlDrvDataReadOp
2000a871   _SlDrvRxHdrRead
2000a9b1   __aeabi_ddiv
2000aae9   PRCMCC3200MCUInit
2000ac1d   spi_Open
2000ad4d   _SlDrvDataWriteOp
2000ae79   vListInitialise
2000aea9   vListInitialiseItem
2000aeb9   vListInsertEnd
2000aef5   vListInsert
2000af5b   uxListRemove
2000afa5   _SlDrvMsgWrite
2000b0b9   pxPortInitialiseStack
2000b109   xPortStartScheduler
2000b135   vPortEndScheduler
2000b137   vPortYield
2000b149   vPortEnterCritical
2000b161   vPortExitCritical
2000b179   xPortSysTickHandler
2000b195   vPortSetupTimerInterrupt
2000b1c9   _SlDrvWaitForPoolObj
2000b2d5   _SlDrvReleasePoolObj
2000b3d9   __aeabi_dmul
2000b4d5   __aeabi_fsub
2000b4d9   __aeabi_fadd
2000b5d1   MessageSend
2000b5f3   UartA0Init
2000b60b   UartA0Get
2000b617   UartA0Write
2000b6c5   uDMAChannelTransferSet
2000b7b5   Adc12Init
2000b7bf   Adc12Enable
2000b7c9   Adc12Disable
2000b7d3   Adc12Read
2000b89d   sl_Connect
2000b985   spi_Write
2000ba6d   sl_NetAppDnsGetHostByName
2000bb45   spi_Read
2000bc11   sl_Stop
2000bcd5   sl_Start
2000bd99   ulPortSetInterruptMask
2000bdaf   vPortClearInterruptMask
2000bdbd   xPortPendSVHandler
2000be09   vPortSVCHandler
2000be31   prvPortStartFirstTask
2000be49   portCLZ
2000be51   _SlDrvMsgReadCmdCtx
2000bf05   sl_SendTo
2000bfb9   _SlDrvNetAppEventHandler
2000c06d   sl_Send
2000c11d   sl_RecvFrom
2000c1c9   IntDisable
2000c271   IntEnable
2000c319   SPIConfigSetExpClk
2000c3b9   __aeabi_memcpy
2000c3b9   __aeabi_memcpy4
2000c3b9   __aeabi_memcpy8
2000c3b9   memcpy
2000c455   _SlFindAndSetActiveObj
2000c4ed   PRCMPeripheralClockGet
2000c581   _SlDrvClassifyRxMsg
2000c615   __TI_auto_init
2000c6a9   __aeabi_fdiv
2000c73d   _SlDrvMsgReadSpawnCtx
2000c7cd   HibernateInit
2000c7e1   HibernateEnter
2000c7f5   HibernateWatchdog
2000c85d   PRCMHibernateIntervalSet
2000c8e5   PinConfigSet
2000c96d   vsnprintf
2000c9f5   sl_NetAppMDNSRegisterUnregisterService
2000ca7d   __aeabi_cdcmpeq
2000ca7d   __aeabi_cdcmple
2000cb03   __aeabi_cdrcmple
2000cb89   _SlDrvCmdOp
2000cc0d   NwpPowerOnPreamble
2000cc8d   _SlDrvDriverCBInit
2000cd09   _sl_HandleAsync_DnsGetHostByName
2000cd85   sl_DevGet
2000ce01   __aeabi_fmul
2000cef5   __aeabi_memclr
2000cef5   __aeabi_memclr4
2000cef5   __aeabi_memclr8
2000cef7   __aeabi_memset
2000cef7   __aeabi_memset4
2000cef7   __aeabi_memset8
2000cefd   memset
2000cf6d   sl_NetCfgGet
2000cfe5   UARTConfigSetExpClk
2000d05d   _sl_HandleAsync_InitComplete
2000d0d1   spi_Close
2000d145   _sl_HandleAsync_PingResponse
2000d1b5   _sl_TruncatePayloadByProtocol
2000d225   _sl_HandleAsync_Connect
2000d28d   _sl_HandleAsync_DnsGetHostByService
2000d2f5   _sl_HandleAsync_Accept
2000d359   uDMAChannelAttributeDisable
2000d3bd   uDMAChannelAttributeEnable
2000d421   sprintf
2000d4df   sl_Bind
2000d53b   ltoa
2000d595   IntPendClear
2000d5ed   PRCMPeripheralReset
2000d645   _SlDrvDriverCBDeinit
2000d69d   _sl_HandleAsync_Select
2000d6f5   IntPrioritySet
2000d749   _sl_HandleAsync_Stop
2000d79d   sl_NetAppSendTokenValue
2000d7f1   SPIIntEnable
2000d83d   Mcp9700Temperature
2000d889   atoi
2000d8d5   uDMAChannelAssign
2000d921   _sl_GetStartResponseConvert
2000d96b   PinMuxConfig
2000d9b5   PRCMHibernateWakeupSourceEnable
2000d9fd   SPIIntClear
2000da45   __aeabi_d2iz
2000da8d   sl_WlanSet
2000db19   copy_in
2000db5d   C$$EXIT
2000db61   abort
2000db69   exit
2000dba1   _Dtest
2000dbe5   sl_NetCfgSet
2000dc29   sl_Recv
2000dc6d   PinModeSet
2000dcad   _SlDrvRxIrqHandler
2000dced   _SlRemoveFromList
2000dd45   main
2000dd6d   sl_WlanPolicySet
2000ddad   sl_WlanRxFilterSet
2000dded   NwpPowerOff
2000de29   PRCMPeripheralClkEnable
2000de65   _SlDrvObjInit
2000dea1   uDMAChannelControlSet
2000dedd   ADCChannelDisable
2000df15   ADCChannelEnable
2000df4d   pvPortMalloc
2000df6d   vPortFree
2000df85   __aeabi_f2d
2000dfbd   sl_Htonl
2000dff5   GPIODirModeSet
2000e02d   PRCMPeripheralStatusGet
2000e061   SPIFIFOLevelSet
2000e095   _SlDrvBasicCmd
2000e0c9   _c_int00
2000e0fd   sl_Htons
2000e131   NwpPowerOn
2000e161   PinTypeGPIO
2000e191   UARTDisable
2000e1c1   sl_Socket
2000e1f1   __aeabi_i2d
2000e221   DmaSpiSwIntHandler
2000e24d   PRCMSysResetCauseGet
2000e279   _SlDrvFlowContDeinit
2000e2a5   _SlDrvFlowContInit
2000e2d1   PRCMPeripheralClkDisable
2000e2f9   _sl_BuildAddress
2000e321   sl_WlanSetMode
2000e349   IntUnregister
2000e36d   UARTEnable
2000e391   memmove
2000e3b5   __aeabi_ui2f
2000e3d9   sl_Close
2000e3fd   sl_WlanProfileDel
2000e421   NwpRegisterInterruptHandler
2000e443   SPIReset
2000e465   SPIWordCountSet
2000e487   GPIOPinWrite
2000e4a9   IntRegister
2000e4c9   _SlDrvCmdSend
2000e4e9   UARTCharPut
2000e507   ADCFIFOLvlGet
2000e525   Mcp9700On
2000e541   _SlDrvObjDeInit
2000e55d   memccpy
2000e579   uDMAChannelDisable
2000e595   uDMAChannelEnable
2000e5b1   uDMAChannelRequest
2000e5cd   CopyPingResultsToReport
2000e5e7   PinTypeUART
2000e601   SPIDmaDisable
2000e61b   SPIDmaEnable
2000e635   SPIFIFODisable
2000e64f   SPIFIFOEnable
2000e669   _SlDrvDeviceEventHandler
2000e683   ADCFIFORead
2000e69d   PRCMHibernateEnter
2000e6b5   SPICSDisable
2000e6cd   SPICSEnable
2000e6e5   SPIDisable
2000e6fd   SPIEnable
2000e715   _args_main
2000e72d   __aeabi_lmul
2000e745   ADCTimerDisable
2000e75b   PRCMHIBRegRead
2000e771   PRCMHIBRegWrite
2000e787   UARTCharGet
2000e79d   uDMAIntRegister
2000e7b3   ADCDisable
2000e7c7   ADCEnable
2000e7db   CPUcpsie
2000e7f1   IntVTableBaseSet
2000e805   PinTypeADC
2000e819   _SlDrvShiftDWord
2000e82d   _register_unlock
2000e833   _register_lock
2000e83b   _nop
2000e841   strlen
2000e855   uDMAControlBaseSet
2000e869   uDMAIntClear
2000e87d   __TI_zero_init
2000e88f   sl_NetAppMDNSUnRegisterService
2000e8a1   uDMAIntUnregister
2000e8b3   Mcp9700Off
2000e8c5   NwpMaskInterrupt
2000e8d5   __TI_decompress_none
2000e8e3   _Dclass
2000e8f1   ResetISR
2000e901   NwpUnMaskInterrupt
2000e90d   uDMADisable
2000e919   uDMAEnable
2000e925   uDMAIntStatus
2000e931   IntMasterEnable
2000e93b   sl_WlanDisconnect
2000e943   UtilsDelay
2000e949   __TI_decompress_rle24
2000e94f   WatchdogInit
2000e951   WatchdogGo
2000e953   WatchdogIntHandler
2000e954   _ctypes_
2000eb5c   _SlPolicySetCmdCtrl
2000eb60   _SlPolicyGetCmdCtrl
2000eb64   _SlProfileGetCmdCtrl
2000eb68   _SlProfileDelCmdCtrl
2000eb6c   _SlWlanGetNetworkListCtrl
2000eb70   _SlRxFilterAddtCmdCtrl
2000eb74   _SlRxFilterSetCmdCtrl
2000eb78   _SlRxFilterGetCmdCtrl
2000eb7c   _SlSmartConfigStartCmdCtrl
2000eb80   _SlWlanSetModeCmdCtrl
2000eb84   _SlWlanCfgSetCmdCtrl
2000eb88   _SlWlanCfgGetCmdCtrl
2000eee0   pcDigits
2000ef48   g_H2NSyncPattern
2000ef50   g_H2NCnysPattern
2000ef58   _SlActionLookupTable
2000f048   _SlSockSocketCmdCtrl
2000f04c   _SlSockCloseCmdCtrl
2000f050   _SlRecvfomCmdCtrl
2000f054   _SlSendCmdCtrl
2000f058   _SlListenCmdCtrl
2000f05c   _SlAcceptCmdCtrl
2000f060   _SlRecvCmdCtrl
2000f064   _SlSetSockOptCmdCtrl
2000f068   _SlGetSockOptCmdCtrl
2000f06c   _SlSelectCmdCtrl
2000f120   _SlNetAppStartCtrl
2000f124   _SlNetAppStopCtrl
2000f128   _SlGetServiceListeCtrl
2000f12c   _SlRegisterServiceCtrl
2000f130   _SlGetHostByServiceCtrl
2000f134   _SlGetHostByNameCtrl
2000f138   _SlNetAppSetCmdCtrl
2000f13c   _SlNetAppSendTokenValueCmdCtrl
2000f140   _SlNetAppGetCmdCtrl
2000f1a4   _SlStopCmdCtrl
2000f1a8   _SlEventMaskSetCmdCtrl
2000f1ac   _SlEventMaskGetCmdCtrl
2000f1b0   _SlDeviceGetCmdCtrl
2000f1b4   _SlDeviceSetCmdCtrl
2000f1b8   monthLength
2000f1c4   _SlNetCfgSetCmdCtrl
2000f1c8   _SlNetCfgGetCmdCtrl
2000f1d0   __TI_static_base__
2000f200   __TI_Handler_Table_Base
2000f20c   __TI_Handler_Table_Limit
2000f218   __TI_CINIT_Base
2000f228   __TI_CINIT_Limit
20017000   _sys_memory
2001f000   acRecvbuff
2001f400   acSendBuff
2001f800   gpCtlTbl
2001fc00   gfpAppCallbackHndl
2001fdc8   xQueueRegistry
2001fe18   g_sAppData
2001fe54   g_ucConnectionSSID
2001fedc   g_ucConnectionBSSID
2001fef0   g_usConnectIndex
2001fef2   iDone
2001fef4   pPingCallBackFunc
2001fef8   gFirstCmdMode
2001fefc   g_pCB
2001ff00   g_StatMem
20020078   g_SpiFd
2002007c   g_pHostIntHdl
20020080   g_ucDMAEnabled
20020084   DMAMsgQ
20020088   g_cDummy
2002008c   g_ucDinDout
200200dc   pxCurrentTCB
20020110   xHigherPriorityTaskWoken
20020114   xSimpleLinkSpawnQueue
20020118   xSimpleLinkSpawnTaskHndl
2002011c   g_ulStatus
20020120   g_ulStaIp
20020124   g_ulGatewayIP
20020134   SecurityParams
20020140   _lock
20020144   _unlock
20020148   __TI_cleanup_ptr
2002014c   __TI_dtors_ptr
20020154   main_func_sp
2002f800   __stack
20030000   __STACK_END
ffffffff   __binit__
ffffffff   __c_args__
ffffffff   binit
UNDEFED    SHT$$INIT_ARRAY$$Base
UNDEFED    SHT$$INIT_ARRAY$$Limit

[482 symbols]
